# serializer version: 1
# name: test_about_model
  About(version='5.8.0-alpha.1', api_version='5.8.0-alpha.1', php_version='8.1.5', os='Linux', driver='mysql')
# ---
# name: test_account_transactions_model
  list([
    Transaction(user=None, transaction_journal_id=None, type='transactions', date=None, order=None, currency_id=None, currency_code=None, currency_symbol=None, currency_name=None, currency_decimal_places=None, foreign_currency_id=None, foreign_currency_code=None, foreign_currency_symbol=None, foreign_currency_decimal_places=None, amount=None, foreign_amount=None, description=None, source_id=None, source_name=None, source_iban=None, source_type=None, destination_id=None, destination_name=None, destination_iban=None, destination_type=None, budget_id=None, budget_name=None, category_id=None, category_name=None, bill_id=None, bill_name=None, reconciled=None, notes=None, tags=None, internal_reference=None, external_id=None, external_url=None, original_source=None, recurrence_id=None, recurrence_total=None, recurrence_count=None, bunq_payment_id=None, import_hash_v2=None, sepa_cc=None, sepa_ct_op=None, sepa_ct_id=None, sepa_db=None, sepa_country=None, sepa_ep=None, sepa_ci=None, sepa_batch_id=None, interest_date=None, book_date=None, process_date=None, due_date=None, payment_date=None, invoice_date=None, latitude=None, longitude=None, zoom_level=None, has_attachments=None),
  ])
# ---
# name: test_account_transactions_model.1
  list([
    Transaction(user=None, transaction_journal_id=None, type='transactions', date=None, order=None, currency_id=None, currency_code=None, currency_symbol=None, currency_name=None, currency_decimal_places=None, foreign_currency_id=None, foreign_currency_code=None, foreign_currency_symbol=None, foreign_currency_decimal_places=None, amount=None, foreign_amount=None, description=None, source_id=None, source_name=None, source_iban=None, source_type=None, destination_id=None, destination_name=None, destination_iban=None, destination_type=None, budget_id=None, budget_name=None, category_id=None, category_name=None, bill_id=None, bill_name=None, reconciled=None, notes=None, tags=None, internal_reference=None, external_id=None, external_url=None, original_source=None, recurrence_id=None, recurrence_total=None, recurrence_count=None, bunq_payment_id=None, import_hash_v2=None, sepa_cc=None, sepa_ct_op=None, sepa_ct_id=None, sepa_db=None, sepa_country=None, sepa_ep=None, sepa_ci=None, sepa_batch_id=None, interest_date=None, book_date=None, process_date=None, due_date=None, payment_date=None, invoice_date=None, latitude=None, longitude=None, zoom_level=None, has_attachments=None),
  ])
# ---
# name: test_accounts_model
  list([
    Account(type='accounts', id='2', attributes=AccountAttributes(created_at='2018-09-17T12:46:47+01:00', updated_at='2018-09-17T12:46:47+01:00', active=False, name='My checking account', type='asset', account_role='defaultAsset', currency_id='12', currency_code='EUR', currency_symbol='$', currency_decimal_places=2, native_currency_id='12', native_currency_code='EUR', native_currency_symbol='$', native_currency_decimal_places=2, current_balance='123.45', native_current_balance='123.45', current_balance_date='2018-09-17T12:46:47+01:00', order=1, notes='Some example notes', monthly_payment_date='2018-09-17T12:46:47+01:00', credit_card_type='monthlyFull', account_number='7009312345678', iban='GB98MIDL07009312345678', bic='BOFAUS3N', virtual_balance='123.45', native_virtual_balance='123.45', opening_balance='-1012.12', native_opening_balance='-1012.12', opening_balance_date='2018-09-17T12:46:47+01:00', liability_type='loan', liability_direction='credit', interest='5.3', interest_period='monthly', current_debt='1012.12', include_net_worth=True, longitude=5.916667, latitude=51.983333, zoom_level=6, last_activity=None)),
    Account(type='accounts', id='3', attributes=AccountAttributes(created_at='2019-01-01T10:00:00+01:00', updated_at='2020-01-01T10:00:00+01:00', active=True, name='Savings Account', type='asset', account_role='savingsAsset', currency_id='13', currency_code='USD', currency_symbol='$', currency_decimal_places=2, native_currency_id='13', native_currency_code='USD', native_currency_symbol='$', native_currency_decimal_places=2, current_balance='5000.00', native_current_balance='5000.00', current_balance_date='2020-01-01T10:00:00+01:00', order=2, notes='Main savings account', monthly_payment_date=None, credit_card_type=None, account_number='1234567890', iban='US12345678901234567890', bic='CITIUS33', virtual_balance='0.00', native_virtual_balance='0.00', opening_balance='1000.00', native_opening_balance='1000.00', opening_balance_date='2019-01-01T10:00:00+01:00', liability_type=None, liability_direction=None, interest='1.2', interest_period='yearly', current_debt=None, include_net_worth=True, longitude=-74.006, latitude=40.7128, zoom_level=8, last_activity=None)),
    Account(type='accounts', id='4', attributes=AccountAttributes(created_at='2021-05-10T09:30:00+01:00', updated_at='2022-05-10T09:30:00+01:00', active=True, name='Credit Card', type='liability', account_role='creditCard', currency_id='14', currency_code='GBP', currency_symbol='£', currency_decimal_places=2, native_currency_id='14', native_currency_code='GBP', native_currency_symbol='£', native_currency_decimal_places=2, current_balance='-250.00', native_current_balance='-250.00', current_balance_date='2022-05-10T09:30:00+01:00', order=3, notes='Credit card account', monthly_payment_date='2022-05-15T09:30:00+01:00', credit_card_type='monthlyFull', account_number='9876543210', iban='GB29NWBK60161331926819', bic='NWBKGB2L', virtual_balance='0.00', native_virtual_balance='0.00', opening_balance='0.00', native_opening_balance='0.00', opening_balance_date='2021-05-10T09:30:00+01:00', liability_type='credit', liability_direction='debit', interest='19.99', interest_period='monthly', current_debt='250.00', include_net_worth=False, longitude=0.1278, latitude=51.5074, zoom_level=10, last_activity=None)),
  ])
# ---
# name: test_bills_model
  list([
    Bill(type='bills', id='2', attributes=BillAttributes(created_at='2018-09-17T12:46:47+01:00', updated_at='2018-09-17T12:46:47+01:00', currency_id='5', currency_code='EUR', currency_symbol='$', currency_decimal_places=2, native_currency_id='5', native_currency_code='EUR', native_currency_symbol='$', native_currency_decimal_places=2, name='Rent', amount_min='123.45', amount_max='123.45', native_amount_min='123.45', native_amount_max='123.45', date='2018-09-17T12:46:47+01:00', end_date='2018-09-17T12:46:47+01:00', extension_date='2018-09-17T12:46:47+01:00', repeat_freq='monthly', skip=0, active=True, order=1, notes='Some example notes', next_expected_match='2018-09-17T12:46:47+01:00', next_expected_match_diff='today', object_group_id='5', object_group_order=5, object_group_title='Example Group', pay_dates=['2018-09-17T12:46:47+01:00'], paid_dates=[BillPaidDate(transaction_group_id='123', transaction_journal_id='123', date='2018-09-17T12:46:47+01:00')])),
  ])
# ---
# name: test_bills_model.1
  list([
    Bill(type='bills', id='2', attributes=BillAttributes(created_at='2018-09-17T12:46:47+01:00', updated_at='2018-09-17T12:46:47+01:00', currency_id='5', currency_code='EUR', currency_symbol='$', currency_decimal_places=2, native_currency_id='5', native_currency_code='EUR', native_currency_symbol='$', native_currency_decimal_places=2, name='Rent', amount_min='123.45', amount_max='123.45', native_amount_min='123.45', native_amount_max='123.45', date='2018-09-17T12:46:47+01:00', end_date='2018-09-17T12:46:47+01:00', extension_date='2018-09-17T12:46:47+01:00', repeat_freq='monthly', skip=0, active=True, order=1, notes='Some example notes', next_expected_match='2018-09-17T12:46:47+01:00', next_expected_match_diff='today', object_group_id='5', object_group_order=5, object_group_title='Example Group', pay_dates=['2018-09-17T12:46:47+01:00'], paid_dates=[BillPaidDate(transaction_group_id='123', transaction_journal_id='123', date='2018-09-17T12:46:47+01:00')])),
  ])
# ---
# name: test_budgets_model
  list([
    Budget(type='budgets', id='2', attributes=BudgetAttributes(created_at='2018-09-17T12:46:47+01:00', updated_at='2018-09-17T12:46:47+01:00', name='Bills', active=False, notes='Some notes', order=5, auto_budget_type='reset', currency_id='12', currency_code='EUR', currency_symbol='$', currency_decimal_places=2, native_currency_id='5', native_currency_code='EUR', native_currency_symbol='$', native_currency_decimal_places=2, auto_budget_amount='-1012.12', native_auto_budget_amount='-1012.12', auto_budget_period='monthly', spent=[BudgetSpent(sum='123.45', currency_id='5', currency_code='USD', currency_symbol='$', currency_decimal_places=2)])),
  ])
# ---
# name: test_budgets_model.1
  list([
    Budget(type='budgets', id='2', attributes=BudgetAttributes(created_at='2018-09-17T12:46:47+01:00', updated_at='2018-09-17T12:46:47+01:00', name='Bills', active=False, notes='Some notes', order=5, auto_budget_type='reset', currency_id='12', currency_code='EUR', currency_symbol='$', currency_decimal_places=2, native_currency_id='5', native_currency_code='EUR', native_currency_symbol='$', native_currency_decimal_places=2, auto_budget_amount='-1012.12', native_auto_budget_amount='-1012.12', auto_budget_period='monthly', spent=[BudgetSpent(sum='123.45', currency_id='5', currency_code='USD', currency_symbol='$', currency_decimal_places=2)])),
  ])
# ---
# name: test_category_model
  Category(type='categories', id='2', attributes=CategoryAttributes(created_at='2018-09-17T12:46:47+01:00', updated_at='2018-09-17T12:46:47+01:00', name='Lunch', notes='Some example notes', native_currency_id='5', native_currency_code='EUR', native_currency_symbol='$', native_currency_decimal_places=2, spent=[CategoryAmount(currency_id='5', currency_code='USD', currency_symbol='$', currency_decimal_places=2, sum='-12423.45')], earned=[CategoryAmount(currency_id='5', currency_code='USD', currency_symbol='$', currency_decimal_places=2, sum='123.45')]))
# ---
# name: test_category_model.1
  Category(type='categories', id='2', attributes=CategoryAttributes(created_at='2018-09-17T12:46:47+01:00', updated_at='2018-09-17T12:46:47+01:00', name='Lunch', notes='Some example notes', native_currency_id='5', native_currency_code='EUR', native_currency_symbol='$', native_currency_decimal_places=2, spent=[CategoryAmount(currency_id='5', currency_code='USD', currency_symbol='$', currency_decimal_places=2, sum='-12423.45')], earned=[CategoryAmount(currency_id='5', currency_code='USD', currency_symbol='$', currency_decimal_places=2, sum='123.45')]))
# ---
